// Jest Snapshot v1, https://goo.gl/fbAQLP

exports[`[RENDER] Field â€“ Snapshot test Matches the snapshot 1`] = `
<div
  className="inputGK"
>
  <input
    type="text"
    value=""
  />
</div>
`;
