// Jest Snapshot v1, https://goo.gl/fbAQLP

exports[`Snapshot test Matches the snapshot 1`] = `
<div>
  Loading
</div>
`;
