// Jest Snapshot v1, https://goo.gl/fbAQLP

exports[`SpacePeople Snapshot 1`] = `
<div>
  Fetching...
</div>
`;
