// Jest Snapshot v1, https://goo.gl/fbAQLP

exports[`WeatherDirection Snapshot 1`] = `"East-southeast"`;
