// Jest Snapshot v1, https://goo.gl/fbAQLP

exports[`[RENDER] Calculator â€“ Snapshot test Matches the snapshot 1`] = `
<div
  className="Leaderboard"
>
  <p>
    Dark Souls Remastered Leaderboards (Any%)
  </p>
  <table
    className="leaderboardTable"
  >
    <th>
      Rank
    </th>
    <th>
      Player
    </th>
    <th>
      IGT
    </th>
    <th>
      Platform
    </th>
    <th>
      Date
    </th>
    <th>
      Link
    </th>
  </table>
</div>
`;
